// Jest Snapshot v1, https://goo.gl/fbAQLP

exports[`snapshots AddEvent screen correctly 1`] = `
<View
  style={
    Object {
      "margin": 10,
    }
  }
>
  <View
    style={Object {}}
  >
    <View>
      <View
        pointerEvents="none"
        style={
          Array [
            Object {
              "bottom": 0,
              "left": 0,
              "position": "absolute",
              "right": 0,
              "top": 6,
            },
            Object {
              "backgroundColor": "#f6f6f6",
              "borderColor": "rgba(0, 0, 0, 0.54)",
              "borderRadius": 4,
              "borderWidth": 1,
            },
          ]
        }
      />
      <View
        style={
          Object {
            "minHeight": 40,
            "paddingBottom": 0,
            "paddingTop": 8,
          }
        }
      >
        <View
          pointerEvents="none"
          style={
            Object {
              "bottom": 0,
              "left": 0,
              "opacity": 1,
              "position": "absolute",
              "right": 0,
              "top": 0,
              "transform": Array [
                Object {
                  "translateX": 0,
                },
              ],
            }
          }
        >
          <View
            pointerEvents="none"
            style={
              Object {
                "backgroundColor": "#f6f6f6",
                "bottom": 0,
                "height": 2,
                "left": 10,
                "opacity": 0,
                "position": "absolute",
                "right": 0,
                "top": 6,
                "transform": Array [
                  Object {
                    "translateX": 0,
                  },
                ],
                "width": 8,
              }
            }
          />
          <Text
            numberOfLines={1}
            style={
              Object {
                "backgroundColor": "#f6f6f6",
                "color": "transparent",
                "fontFamily": "System",
                "fontSize": 16,
                "fontWeight": undefined,
                "left": 18,
                "opacity": 0,
                "paddingHorizontal": 0,
                "position": "absolute",
                "textAlign": "left",
                "top": 29,
                "transform": Array [
                  Object {
                    "translateX": 0,
                  },
                  Object {
                    "translateY": 0,
                  },
                  Object {
                    "scale": 1,
                  },
                  Object {
                    "scaleY": 1,
                  },
                ],
                "writingDirection": "ltr",
              }
            }
          >
            Enter event title*
          </Text>
          <Text
            numberOfLines={1}
            onLayout={[Function]}
            style={
              Object {
                "color": "#01a699",
                "fontFamily": "System",
                "fontSize": 16,
                "fontWeight": undefined,
                "left": 0,
                "opacity": 0,
                "paddingHorizontal": 14,
                "position": "absolute",
                "textAlign": "left",
                "top": 28,
                "transform": Array [
                  Object {
                    "translateX": 0,
                  },
                  Object {
                    "translateY": 0,
                  },
                  Object {
                    "scale": 1,
                  },
                ],
                "writingDirection": "ltr",
              }
            }
          >
            Enter event title*
          </Text>
          <Text
            numberOfLines={1}
            style={
              Object {
                "color": "rgba(0, 0, 0, 0.54)",
                "fontFamily": "System",
                "fontSize": 16,
                "fontWeight": undefined,
                "left": 0,
                "opacity": 1,
                "paddingHorizontal": 14,
                "position": "absolute",
                "textAlign": "left",
                "top": 28,
                "transform": Array [
                  Object {
                    "translateX": 0,
                  },
                  Object {
                    "translateY": 0,
                  },
                  Object {
                    "scale": 1,
                  },
                ],
                "writingDirection": "ltr",
              }
            }
          >
            Enter event title*
          </Text>
        </View>
        <TextInput
          allowFontScaling={true}
          editable={true}
          multiline={false}
          onBlur={[Function]}
          onChangeText={[Function]}
          onFocus={[Function]}
          placeholder=""
          placeholderTextColor="rgba(0, 0, 0, 0.54)"
          rejectResponderTermination={true}
          selectionColor="#01a699"
          style={
            Array [
              Object {
                "flexGrow": 1,
                "margin": 0,
                "paddingHorizontal": 14,
                "textAlign": "left",
                "zIndex": 1,
              },
              Object {
                "height": 40,
              },
              Object {
                "paddingBottom": 12,
                "paddingTop": 12,
              },
              Object {
                "color": "#000000",
                "fontFamily": "System",
                "fontSize": 16,
                "fontWeight": undefined,
                "textAlignVertical": "center",
              },
            ]
          }
          underlineColorAndroid="transparent"
          value=""
        />
      </View>
    </View>
  </View>
  <View
    style={Object {}}
  >
    <View>
      <View
        pointerEvents="none"
        style={
          Array [
            Object {
              "bottom": 0,
              "left": 0,
              "position": "absolute",
              "right": 0,
              "top": 6,
            },
            Object {
              "backgroundColor": "#f6f6f6",
              "borderColor": "rgba(0, 0, 0, 0.54)",
              "borderRadius": 4,
              "borderWidth": 1,
            },
          ]
        }
      />
      <View
        style={
          Object {
            "minHeight": 64,
            "paddingBottom": 0,
            "paddingTop": 8,
          }
        }
      >
        <View
          pointerEvents="none"
          style={
            Object {
              "bottom": 0,
              "left": 0,
              "opacity": 1,
              "position": "absolute",
              "right": 0,
              "top": 0,
              "transform": Array [
                Object {
                  "translateX": 0,
                },
              ],
            }
          }
        >
          <View
            pointerEvents="none"
            style={
              Object {
                "backgroundColor": "#f6f6f6",
                "bottom": 0,
                "height": 2,
                "left": 10,
                "opacity": 0,
                "position": "absolute",
                "right": 0,
                "top": 6,
                "transform": Array [
                  Object {
                    "translateX": 0,
                  },
                ],
                "width": 8,
              }
            }
          />
          <Text
            numberOfLines={1}
            style={
              Object {
                "backgroundColor": "#f6f6f6",
                "color": "transparent",
                "fontFamily": "System",
                "fontSize": 16,
                "fontWeight": undefined,
                "left": 18,
                "opacity": 0,
                "paddingHorizontal": 0,
                "position": "absolute",
                "textAlign": "left",
                "top": 37,
                "transform": Array [
                  Object {
                    "translateX": 0,
                  },
                  Object {
                    "translateY": 0,
                  },
                  Object {
                    "scale": 1,
                  },
                  Object {
                    "scaleY": 1,
                  },
                ],
                "writingDirection": "ltr",
              }
            }
          >
            Enter description
          </Text>
          <Text
            numberOfLines={1}
            onLayout={[Function]}
            style={
              Object {
                "color": "#01a699",
                "fontFamily": "System",
                "fontSize": 16,
                "fontWeight": undefined,
                "left": 0,
                "opacity": 0,
                "paddingHorizontal": 14,
                "position": "absolute",
                "textAlign": "left",
                "top": 36,
                "transform": Array [
                  Object {
                    "translateX": 0,
                  },
                  Object {
                    "translateY": 0,
                  },
                  Object {
                    "scale": 1,
                  },
                ],
                "writingDirection": "ltr",
              }
            }
          >
            Enter description
          </Text>
          <Text
            numberOfLines={1}
            style={
              Object {
                "color": "rgba(0, 0, 0, 0.54)",
                "fontFamily": "System",
                "fontSize": 16,
                "fontWeight": undefined,
                "left": 0,
                "opacity": 1,
                "paddingHorizontal": 14,
                "position": "absolute",
                "textAlign": "left",
                "top": 36,
                "transform": Array [
                  Object {
                    "translateX": 0,
                  },
                  Object {
                    "translateY": 0,
                  },
                  Object {
                    "scale": 1,
                  },
                ],
                "writingDirection": "ltr",
              }
            }
          >
            Enter description
          </Text>
        </View>
        <TextInput
          allowFontScaling={true}
          editable={true}
          multiline={true}
          numberOfLines={0}
          onBlur={[Function]}
          onChangeText={[Function]}
          onContentSizeChange={[Function]}
          onFocus={[Function]}
          placeholder=""
          placeholderTextColor="rgba(0, 0, 0, 0.54)"
          rejectResponderTermination={true}
          selectionColor="#01a699"
          style={
            Array [
              Object {
                "flexGrow": 1,
                "margin": 0,
                "paddingHorizontal": 14,
                "textAlign": "left",
                "zIndex": 1,
              },
              Object {},
              Object {
                "paddingBottom": 22,
                "paddingTop": 22,
              },
              Object {
                "color": "#000000",
                "fontFamily": "System",
                "fontSize": 16,
                "fontWeight": undefined,
                "textAlignVertical": "top",
              },
            ]
          }
          underlineColorAndroid="transparent"
          value=""
        />
      </View>
    </View>
  </View>
  <View
    style={
      Object {
        "alignItems": "center",
        "flexDirection": "row",
      }
    }
  >
    <View
      style={
        Object {
          "flex": 1,
        }
      }
    >
      <View>
        <View
          pointerEvents="none"
          style={
            Array [
              Object {
                "bottom": 0,
                "left": 0,
                "position": "absolute",
                "right": 0,
                "top": 6,
              },
              Object {
                "backgroundColor": "#f6f6f6",
                "borderColor": "rgba(0, 0, 0, 0.54)",
                "borderRadius": 4,
                "borderWidth": 1,
              },
            ]
          }
        />
        <View
          style={
            Object {
              "minHeight": 40,
              "paddingBottom": 0,
              "paddingTop": 8,
            }
          }
        >
          <View
            pointerEvents="none"
            style={
              Object {
                "bottom": 0,
                "left": 0,
                "opacity": 1,
                "position": "absolute",
                "right": 0,
                "top": 0,
                "transform": Array [
                  Object {
                    "translateX": 0,
                  },
                ],
              }
            }
          >
            <View
              pointerEvents="none"
              style={
                Object {
                  "backgroundColor": "#f6f6f6",
                  "bottom": 0,
                  "height": 2,
                  "left": 10,
                  "opacity": 0,
                  "position": "absolute",
                  "right": 0,
                  "top": 6,
                  "transform": Array [
                    Object {
                      "translateX": 0,
                    },
                  ],
                  "width": 8,
                }
              }
            />
            <Text
              numberOfLines={1}
              style={
                Object {
                  "backgroundColor": "#f6f6f6",
                  "color": "transparent",
                  "fontFamily": "System",
                  "fontSize": 16,
                  "fontWeight": undefined,
                  "left": 18,
                  "opacity": 0,
                  "paddingHorizontal": 0,
                  "position": "absolute",
                  "textAlign": "left",
                  "top": 29,
                  "transform": Array [
                    Object {
                      "translateX": 0,
                    },
                    Object {
                      "translateY": 0,
                    },
                    Object {
                      "scale": 1,
                    },
                    Object {
                      "scaleY": 1,
                    },
                  ],
                  "writingDirection": "ltr",
                }
              }
            >
              Enter location
            </Text>
            <Text
              numberOfLines={1}
              onLayout={[Function]}
              style={
                Object {
                  "color": "#01a699",
                  "fontFamily": "System",
                  "fontSize": 16,
                  "fontWeight": undefined,
                  "left": 0,
                  "opacity": 0,
                  "paddingHorizontal": 14,
                  "position": "absolute",
                  "textAlign": "left",
                  "top": 28,
                  "transform": Array [
                    Object {
                      "translateX": 0,
                    },
                    Object {
                      "translateY": 0,
                    },
                    Object {
                      "scale": 1,
                    },
                  ],
                  "writingDirection": "ltr",
                }
              }
            >
              Enter location
            </Text>
            <Text
              numberOfLines={1}
              style={
                Object {
                  "color": "rgba(0, 0, 0, 0.54)",
                  "fontFamily": "System",
                  "fontSize": 16,
                  "fontWeight": undefined,
                  "left": 0,
                  "opacity": 1,
                  "paddingHorizontal": 14,
                  "position": "absolute",
                  "textAlign": "left",
                  "top": 28,
                  "transform": Array [
                    Object {
                      "translateX": 0,
                    },
                    Object {
                      "translateY": 0,
                    },
                    Object {
                      "scale": 1,
                    },
                  ],
                  "writingDirection": "ltr",
                }
              }
            >
              Enter location
            </Text>
          </View>
          <TextInput
            allowFontScaling={true}
            editable={true}
            multiline={false}
            onBlur={[Function]}
            onChangeText={[Function]}
            onFocus={[Function]}
            placeholder=""
            placeholderTextColor="rgba(0, 0, 0, 0.54)"
            rejectResponderTermination={true}
            selectionColor="#01a699"
            style={
              Array [
                Object {
                  "flexGrow": 1,
                  "margin": 0,
                  "paddingHorizontal": 14,
                  "textAlign": "left",
                  "zIndex": 1,
                },
                Object {
                  "height": 40,
                },
                Object {
                  "paddingBottom": 12,
                  "paddingTop": 12,
                },
                Object {
                  "color": "#000000",
                  "fontFamily": "System",
                  "fontSize": 16,
                  "fontWeight": undefined,
                  "textAlignVertical": "center",
                },
              ]
            }
            underlineColorAndroid="transparent"
          />
        </View>
      </View>
    </View>
    <RNGestureHandlerButton
      collapsable={false}
      onGestureEvent={[Function]}
      onGestureHandlerEvent={[Function]}
      onGestureHandlerStateChange={[Function]}
      onHandlerStateChange={[Function]}
      rippleColor={0}
      style={
        Array [
          Object {
            "overflow": "hidden",
          },
          undefined,
        ]
      }
    >
      <View
        accessible={true}
        style={
          Object {
            "opacity": 1,
            "paddingHorizontal": 5,
          }
        }
      >
        <Text />
      </View>
    </RNGestureHandlerButton>
  </View>
  <View
    style={
      Object {
        "paddingTop": 5,
      }
    }
  >
    <Text>
       Date and time: 
      Tue Apr 07 2020 5:20:30 AM
    </Text>
  </View>
  <View
    style={
      Object {
        "paddingTop": 5,
      }
    }
  >
    <RNGestureHandlerButton
      collapsable={false}
      onGestureEvent={[Function]}
      onGestureHandlerEvent={[Function]}
      onGestureHandlerStateChange={[Function]}
      onHandlerStateChange={[Function]}
      rippleColor={0}
      style={
        Array [
          Object {
            "overflow": "hidden",
          },
          undefined,
        ]
      }
    >
      <View
        accessible={true}
        style={
          Object {
            "alignItems": "center",
            "backgroundColor": "#01a699",
            "elevation": 2,
            "height": 50,
            "opacity": 1,
          }
        }
      >
        <Text
          style={
            Object {
              "color": "white",
              "fontSize": 20,
              "padding": 10,
            }
          }
        >
          Change date
        </Text>
      </View>
    </RNGestureHandlerButton>
  </View>
  <View
    style={
      Object {
        "paddingTop": 5,
      }
    }
  >
    <RNGestureHandlerButton
      collapsable={false}
      onGestureEvent={[Function]}
      onGestureHandlerEvent={[Function]}
      onGestureHandlerStateChange={[Function]}
      onHandlerStateChange={[Function]}
      rippleColor={0}
      style={
        Array [
          Object {
            "overflow": "hidden",
          },
          undefined,
        ]
      }
    >
      <View
        accessible={true}
        style={
          Object {
            "alignItems": "center",
            "backgroundColor": "#01a699",
            "elevation": 2,
            "height": 50,
            "opacity": 1,
          }
        }
      >
        <Text
          style={
            Object {
              "color": "white",
              "fontSize": 20,
              "padding": 10,
            }
          }
        >
          Change time
        </Text>
      </View>
    </RNGestureHandlerButton>
  </View>
  <View
    style={
      Object {
        "paddingTop": 15,
      }
    }
  >
    <RNGestureHandlerButton
      collapsable={false}
      onGestureEvent={[Function]}
      onGestureHandlerEvent={[Function]}
      onGestureHandlerStateChange={[Function]}
      onHandlerStateChange={[Function]}
      rippleColor={0}
      style={
        Array [
          Object {
            "overflow": "hidden",
          },
          undefined,
        ]
      }
    >
      <View
        accessible={true}
        style={
          Object {
            "alignSelf": "center",
            "backgroundColor": "#01a699",
            "elevation": 2,
            "height": 50,
            "opacity": 1,
          }
        }
      >
        <Text
          style={
            Object {
              "color": "white",
              "fontSize": 20,
              "padding": 10,
            }
          }
        >
          Submit
        </Text>
      </View>
    </RNGestureHandlerButton>
  </View>
</View>
`;
