// Jest Snapshot v1, https://goo.gl/fbAQLP

exports[`snapshots EventsScreen screen correctly 1`] = `
<View
  style={
    Object {
      "flex": 1,
    }
  }
>
  <RCTScrollView
    collapsable={false}
    onGestureHandlerEvent={[Function]}
    onGestureHandlerStateChange={[Function]}
    style={
      Object {
        "backgroundColor": "#fafafa",
      }
    }
  >
    <View>
      <View
        style={
          Object {
            "flexDirection": "row",
            "paddingHorizontal": 10,
          }
        }
      >
        <View
          style={
            Object {
              "flex": 1,
            }
          }
        >
          <View>
            <View
              pointerEvents="none"
              style={
                Array [
                  Object {
                    "bottom": 0,
                    "left": 0,
                    "position": "absolute",
                    "right": 0,
                    "top": 6,
                  },
                  Object {
                    "backgroundColor": "#f6f6f6",
                    "borderColor": "rgba(0, 0, 0, 0.54)",
                    "borderRadius": 4,
                    "borderWidth": 1,
                  },
                ]
              }
            />
            <View
              style={
                Object {
                  "minHeight": 64,
                  "paddingBottom": 0,
                  "paddingTop": 8,
                }
              }
            >
              <View
                pointerEvents="none"
                style={
                  Object {
                    "bottom": 0,
                    "left": 0,
                    "opacity": 1,
                    "position": "absolute",
                    "right": 0,
                    "top": 0,
                    "transform": Array [
                      Object {
                        "translateX": 0,
                      },
                    ],
                  }
                }
              >
                <View
                  pointerEvents="none"
                  style={
                    Object {
                      "backgroundColor": "#f6f6f6",
                      "bottom": 0,
                      "height": 2,
                      "left": 10,
                      "opacity": 0,
                      "position": "absolute",
                      "right": 0,
                      "top": 6,
                      "transform": Array [
                        Object {
                          "translateX": 0,
                        },
                      ],
                      "width": 8,
                    }
                  }
                />
                <Text
                  numberOfLines={1}
                  style={
                    Object {
                      "backgroundColor": "#f6f6f6",
                      "color": "transparent",
                      "fontFamily": "System",
                      "fontSize": 16,
                      "fontWeight": undefined,
                      "left": 18,
                      "opacity": 0,
                      "paddingHorizontal": 0,
                      "position": "absolute",
                      "textAlign": "left",
                      "top": 37,
                      "transform": Array [
                        Object {
                          "translateX": 0,
                        },
                        Object {
                          "translateY": 0,
                        },
                        Object {
                          "scale": 1,
                        },
                        Object {
                          "scaleY": 1,
                        },
                      ],
                      "writingDirection": "ltr",
                    }
                  }
                >
                  Search
                </Text>
                <Text
                  numberOfLines={1}
                  onLayout={[Function]}
                  style={
                    Object {
                      "color": "#01a699",
                      "fontFamily": "System",
                      "fontSize": 16,
                      "fontWeight": undefined,
                      "left": 0,
                      "opacity": 0,
                      "paddingHorizontal": 14,
                      "position": "absolute",
                      "textAlign": "left",
                      "top": 36,
                      "transform": Array [
                        Object {
                          "translateX": 0,
                        },
                        Object {
                          "translateY": 0,
                        },
                        Object {
                          "scale": 1,
                        },
                      ],
                      "writingDirection": "ltr",
                    }
                  }
                >
                  Search
                </Text>
                <Text
                  numberOfLines={1}
                  style={
                    Object {
                      "color": "rgba(0, 0, 0, 0.54)",
                      "fontFamily": "System",
                      "fontSize": 16,
                      "fontWeight": undefined,
                      "left": 0,
                      "opacity": 1,
                      "paddingHorizontal": 14,
                      "position": "absolute",
                      "textAlign": "left",
                      "top": 36,
                      "transform": Array [
                        Object {
                          "translateX": 0,
                        },
                        Object {
                          "translateY": 0,
                        },
                        Object {
                          "scale": 1,
                        },
                      ],
                      "writingDirection": "ltr",
                    }
                  }
                >
                  Search
                </Text>
              </View>
              <TextInput
                allowFontScaling={true}
                editable={true}
                multiline={false}
                onBlur={[Function]}
                onChangeText={[Function]}
                onFocus={[Function]}
                placeholder=""
                placeholderTextColor="rgba(0, 0, 0, 0.54)"
                rejectResponderTermination={true}
                selectionColor="#01a699"
                style={
                  Array [
                    Object {
                      "flexGrow": 1,
                      "margin": 0,
                      "paddingHorizontal": 14,
                      "textAlign": "left",
                      "zIndex": 1,
                    },
                    Object {
                      "height": 56,
                    },
                    Object {
                      "paddingBottom": 0,
                      "paddingTop": 0,
                    },
                    Object {
                      "color": "#000000",
                      "fontFamily": "System",
                      "fontSize": 16,
                      "fontWeight": undefined,
                      "textAlignVertical": "center",
                    },
                  ]
                }
                underlineColorAndroid="transparent"
              />
            </View>
          </View>
        </View>
      </View>
    </View>
  </RCTScrollView>
  <View
    accessible={true}
    focusable={true}
    isTVSelectable={true}
    onClick={[Function]}
    onResponderGrant={[Function]}
    onResponderMove={[Function]}
    onResponderRelease={[Function]}
    onResponderTerminate={[Function]}
    onResponderTerminationRequest={[Function]}
    onStartShouldSetResponder={[Function]}
    style={
      Object {
        "alignItems": "center",
        "backgroundColor": "#01a699",
        "borderColor": "rgba(0,0,0,0.2)",
        "borderRadius": 120,
        "borderWidth": 1,
        "bottom": 20,
        "elevation": 2,
        "height": 60,
        "justifyContent": "center",
        "opacity": 1,
        "position": "absolute",
        "right": 20,
        "width": 60,
      }
    }
  >
    <Text />
  </View>
</View>
`;
